// Jest Snapshot v1, https://goo.gl/fbAQLP

exports[`Component Display renderer currently 1`] = `
<View
  style={
    Array [
      Object {
        "alignItems": "flex-end",
        "backgroundColor": "'rgba(0,0,0,0.6)'",
        "flexBasis": 0,
        "flexGrow": 1,
        "flexShrink": 1,
        "justifyContent": "center",
        "paddingBottom": 20,
        "paddingLeft": 20,
        "paddingRight": 20,
        "paddingTop": 20,
      },
    ]
  }
>
  <Text
    color="white"
    fontSize={40}
    fontWeight="normal"
    style={
      Array [
        Object {
          "color": "white",
          "fontSize": 40,
          "fontWeight": "normal",
          "textAlign": "center",
        },
      ]
    }
  />
</View>
`;
